// Jest Snapshot v1, https://goo.gl/fbAQLP

exports[`Supplies container Supplies should match its snapshot 1`] = `ShallowWrapper {}`;
