// Jest Snapshot v1, https://goo.gl/fbAQLP

exports[`Proposal Container Proposal Container should match its snapshot 1`] = `ShallowWrapper {}`;
