// Jest Snapshot v1, https://goo.gl/fbAQLP

exports[`Nav should match its snapshot 1`] = `ShallowWrapper {}`;
