// Jest Snapshot v1, https://goo.gl/fbAQLP

exports[`Overview Tests Overview should match its snapshot 1`] = `ShallowWrapper {}`;
