// Jest Snapshot v1, https://goo.gl/fbAQLP

exports[`Rockets container Rockets should match its snapshot 1`] = `ShallowWrapper {}`;
