// Jest Snapshot v1, https://goo.gl/fbAQLP

exports[`Welcome container Welcome should match its snapshot 1`] = `ShallowWrapper {}`;
